A51 MACRO ASSEMBLER  MAIN                                                                 05/27/2024 20:57:03 PAGE     1


MACRO ASSEMBLER A51 V8.2.7.0
OBJECT MODULE PLACED IN .\Objects\main.obj
ASSEMBLER INVOKED BY: D:\software\Keil_v5\C51\BIN\A51.EXE main.a51 SET(SMALL) DEBUG PRINT(.\Listings\main.lst) OBJECT(.\
                      Objects\main.obj) EP

LOC  OBJ            LINE     SOURCE

0000                   1     ORG 0000H
0000 0130              2     AJMP START
0030                   3     ORG 0030H
0030                   4     START:
0030 75D000            5         MOV PSW,#00H 
0033 758153            6         MOV SP,#53H
0036 7909              7         MOV R1,#9
0038 7401              8         MOV A,#1
003A 7820              9         MOV R0,#20H
003C                  10     INITLOOP:
003C F6               11         MOV @R0,A;赋值20h到28h
003D 08               12         INC R0
003E 04               13         INC A
003F D9FB             14         DJNZ R1,INITLOOP
0041 758920           15         MOV TMOD,#20H;配置定时器
0044 758BFD           16         MOV TL1,#0FDH
0047 758DFD           17         MOV TH1,#0FDH
004A 759880           18         MOV SCON,#80H;配置串口
004D D28E             19         SETB TR1
004F 7820             20         MOV R0,#20H
0051 7909             21         MOV R1,#9
0053                  22     LOOP:
0053 E6               23         MOV A,@R0;赋值累加器
0054 F599             24         MOV SBUF,A;赋值串口缓冲器
0056 0158             25         AJMP CONT
0058                  26     CONT:
0058 3099FD           27         JNB TI,CONT;判断是否发送成功
005B C299             28         CLR TI;清楚标志
005D 08               29         INC R0
005E 1166             30         ACALL DELAY
0060 D9F1             31         DJNZ R1,LOOP;发下一个地址内容
0062 0164             32         AJMP ALLSTOP;发送完毕进行无限循环
0064                  33     ALLSTOP:
0064 0164             34         AJMP ALLSTOP;
0066 7A30             35     DELAY: MOV R2,#30H ;长延时
0068 116B             36         ACALL DELAY0 
006A 22               37         RET 
006B C002             38     DELAY0: PUSH 02H ;延时子程序
006D C002             39     DELAY1: PUSH 02H 
006F C002             40     DELAY2: PUSH 02H 
0071 DAFE             41     DELAY3: DJNZ R2,DELAY3 
0073 D002             42         POP 02H 
0075 DAF8             43         DJNZ R2,DELAY2 
0077 D002             44         POP 02H 
0079 DAF2             45         DJNZ R2,DELAY1 
007B D002             46         POP 02H 
007D DAEC             47         DJNZ R2,DELAY0 
007F 22               48         RET
                      49     END
A51 MACRO ASSEMBLER  MAIN                                                                 05/27/2024 20:57:03 PAGE     2

SYMBOL TABLE LISTING
------ ----- -------


N A M E             T Y P E  V A L U E   ATTRIBUTES

ALLSTOP. . . . . .  C ADDR   0064H   A   
CONT . . . . . . .  C ADDR   0058H   A   
DELAY. . . . . . .  C ADDR   0066H   A   
DELAY0 . . . . . .  C ADDR   006BH   A   
DELAY1 . . . . . .  C ADDR   006DH   A   
DELAY2 . . . . . .  C ADDR   006FH   A   
DELAY3 . . . . . .  C ADDR   0071H   A   
INITLOOP . . . . .  C ADDR   003CH   A   
LOOP . . . . . . .  C ADDR   0053H   A   
PSW. . . . . . . .  D ADDR   00D0H   A   
SBUF . . . . . . .  D ADDR   0099H   A   
SCON . . . . . . .  D ADDR   0098H   A   
SP . . . . . . . .  D ADDR   0081H   A   
START. . . . . . .  C ADDR   0030H   A   
TH1. . . . . . . .  D ADDR   008DH   A   
TI . . . . . . . .  B ADDR   0098H.1 A   
TL1. . . . . . . .  D ADDR   008BH   A   
TMOD . . . . . . .  D ADDR   0089H   A   
TR1. . . . . . . .  B ADDR   0088H.6 A   


REGISTER BANK(S) USED: 0 


ASSEMBLY COMPLETE.  0 WARNING(S), 0 ERROR(S)
